14:06:11 **** Auto Build of configuration Debug for project mlp ****
make pre-build main-build 
a9-linaro-pre-build-step
' '
'Building file: ../src/helloworld.c'
'Invoking: ARM v7 gcc compiler'
arm-none-eabi-gcc -Wall -O0 -g3 -c -fmessage-length=0 -MT"src/helloworld.o" -mcpu=cortex-a9 -mfpu=vfpv3 -mfloat-abi=hard -I../../mlp_bsp/ps7_cortexa9_0/include -MMD -MP -MF"src/helloworld.d" -MT"src/helloworld.o" -o "src/helloworld.o" "../src/helloworld.c"
../src/helloworld.c: In function 'main':
../src/helloworld.c:253:13: warning: format '%d' expects argument of type 'int *', but argument 2 has type 'u8 * {aka unsigned char *}' [-Wformat=]
       scanf("%d", &train_data[rows][cols]);
             ^
../src/helloworld.c:253:13: warning: format '%d' expects argument of type 'int *', but argument 2 has type 'u8 * {aka unsigned char *}' [-Wformat=]
../src/helloworld.c:279:8: warning: format '%d' expects argument of type 'int *', but argument 2 has type 'u8 * {aka unsigned char *}' [-Wformat=]
  scanf("%d", &test_labels[rows]);
        ^
../src/helloworld.c:279:8: warning: format '%d' expects argument of type 'int *', but argument 2 has type 'u8 * {aka unsigned char *}' [-Wformat=]
../src/helloworld.c:284:9: warning: format '%d' expects argument of type 'int *', but argument 2 has type 'u8 * {aka unsigned char *}' [-Wformat=]
   scanf("%d", &test_data[rows][cols]);
         ^
../src/helloworld.c:284:9: warning: format '%d' expects argument of type 'int *', but argument 2 has type 'u8 * {aka unsigned char *}' [-Wformat=]
../src/helloworld.c:242:9: warning: unused variable 'j' [-Wunused-variable]
   int i,j;
         ^
../src/helloworld.c:242:7: warning: unused variable 'i' [-Wunused-variable]
   int i,j;
       ^
../src/helloworld.c:240:7: warning: unused variable 'Status' [-Wunused-variable]
   int Status;
       ^
../src/helloworld.c: In function 'predict_soft':
../src/helloworld.c:706:7: warning: variable 'RxBufferPtr' set but not used [-Wunused-but-set-variable]
  u32 *RxBufferPtr;
       ^
'Finished building: ../src/helloworld.c'
' '
'Building target: mlp.elf'
'Invoking: ARM v7 gcc linker'
arm-none-eabi-gcc -mcpu=cortex-a9 -mfpu=vfpv3 -mfloat-abi=hard -Wl,-build-id=none -specs=Xilinx.spec -Wl,-T -Wl,../src/lscript.ld -L../../mlp_bsp/ps7_cortexa9_0/lib -o "mlp.elf"  ./src/helloworld.o ./src/platform.o   -lm -Wl,--start-group,-lxil,-lgcc,-lc,--end-group
'Finished building target: mlp.elf'
' '
'Invoking: ARM v7 Print Size'
arm-none-eabi-size mlp.elf  |tee "mlp.elf.size"
   text	   data	    bss	    dec	    hex	filename
 145100	  10908	  29104	 185112	  2d318	mlp.elf
'Finished building: mlp.elf.size'
' '

14:06:13 Build Finished (took 2s.15ms)

