Report time       : Thu Oct 17 19:37:21 MPST 2019.
Solution          : AXISTry_Soln.
Simulation tool   : xsim.

+----------+----------+-----------------------------------------------+-----------------------------------------------+
|          |          |                    Latency                    |                    Interval                   |
+   RTL    +  Status  +-----------------------------------------------+-----------------------------------------------+
|          |          |      min      |      avg      |      max      |      min      |      avg      |      max      |
+----------+----------+-----------------------------------------------+-----------------------------------------------+
|      VHDL|        NA|             NA|             NA|             NA|             NA|             NA|             NA|
|   Verilog|      Pass|             19|             19|             19|              0|              0|              0|
+----------+----------+-----------------------------------------------+-----------------------------------------------+
